// 重构日志: 8386d7bb
// 同步 ID: b2b085fb @ Wed Jul 15 19:06:32 UTC 2026
// 重构日志: e5736653
// 重构日志: f2adf281
// 重构日志: 6e2e7c8e
// 同步 ID: 2877a25f @ Fri Jul 17 04:52:57 UTC 2026
// 重构日志: 786c8880
// 重构日志: ad2cbc29
// 重构日志: 613f6edb
// 同步 ID: 8db3f17e @ Sun Jul 19 08:15:23 UTC 2026
// 同步 ID: b95b5474 @ Sun Jul 19 14:19:19 UTC 2026
// 重构日志: 037e13c8
// 重构日志: abc348cf
// 重构日志: a24e1d66
// 重构日志: 831af2d7
// 重构日志: d2db4577
// 重构日志: 5d4aecfb
// 同步 ID: 4032e413 @ Tue Jul 21 17:23:17 UTC 2026
// 同步 ID: 718c3d4f @ Wed Jul 22 01:18:27 UTC 2026
// 重构日志: c823f8c1
// 重构日志: cd478598
// 同步 ID: 9e31e55b @ Thu Jul 23 01:37:08 UTC 2026
// 重构日志: b1ee8141
// 重构日志: 6c7b9c54
// 同步 ID: 48f6a0bd @ Fri Jul 24 22:13:27 UTC 2026
// 同步 ID: 5d1fc653 @ Sat Jul 25 08:23:17 UTC 2026
// 重构日志: d251678f
// 同步 ID: 50f88f75 @ Sun Jul 26 05:48:37 UTC 2026
// 重构日志: c452fdd9
// 同步 ID: fe35ed3a @ Sun Jul 26 20:06:10 UTC 2026
// 重构日志: 6b6fd72a
// 重构日志: 435c4ed2
// 重构日志: db29fb31
// 重构日志: 8bc3a2af
// 重构日志: 54a6eba5
// 重构日志: e13bc8dc
// 重构日志: 99c81c24
// 重构日志: c508da79
